PrismaClient instantiated successfully
Video count: 9
ÔØî Error: 
Invalid `prisma.videos.findFirst()` invocation:


Value '' not found in enum 'videos_status'
